// Jest Snapshot v1, https://goo.gl/fbAQLP

exports[`BookContainerComponent renders corretly when given props 1`] = `
<View
  data-style=""
  dataSet={
    {
      "style": "",
    }
  }
  style={
    [
      undefined,
      {},
      {
        "alignItems": "center",
        "display": "flex",
        "padding": 20,
      },
      undefined,
    ]
  }
>
  <Image
    alt="title"
    aria-label="title"
    data-style=""
    dataSet={
      {
        "style": "",
      }
    }
    h={340}
    role="img"
    source={
      {
        "uri": "https://plus.unsplash.com/premium_photo-1698084059435-a50ddfd69303?q=80&w=1850&auto=format&fit=crop&ixlib=rb-4.0.3&ixid=M3wxMjA3fDB8MHxwaG90by1wYWdlfHx8fGVufDB8fHx8fA%3D%3D",
      }
    }
    style={
      [
        undefined,
        {},
        {
          "borderRadius": 10,
          "width": 250,
        },
        undefined,
      ]
    }
  />
  <View
    data-style=""
    dataSet={
      {
        "style": "",
      }
    }
    style={
      [
        undefined,
        {},
        {
          "display": "flex",
          "flexDirection": "row",
          "gap": 10,
          "marginTop": 10,
        },
        undefined,
      ]
    }
  >
    <View
      accessibilityState={
        {
          "busy": undefined,
          "checked": undefined,
          "disabled": undefined,
          "expanded": undefined,
          "selected": undefined,
        }
      }
      accessibilityValue={
        {
          "max": undefined,
          "min": undefined,
          "now": undefined,
          "text": undefined,
        }
      }
      accessible={true}
      collapsable={false}
      data-style=""
      dataSet={
        {
          "active": "false",
          "disabled": "false",
          "focus": "false",
          "focusVisible": "false",
          "hover": "false",
          "style": "",
        }
      }
      focusable={true}
      onBlur={[Function]}
      onClick={[Function]}
      onFocus={[Function]}
      onResponderGrant={[Function]}
      onResponderMove={[Function]}
      onResponderRelease={[Function]}
      onResponderTerminate={[Function]}
      onResponderTerminationRequest={[Function]}
      onStartShouldSetResponder={[Function]}
      role="button"
      style={
        [
          undefined,
          {},
          undefined,
        ]
      }
    >
      <Text
        data-style=""
        dataSet={
          {
            "style": "",
          }
        }
        style={
          [
            undefined,
            {},
            undefined,
            {},
            undefined,
          ]
        }
      >
        Baca Buku
      </Text>
    </View>
  </View>
  <View
    data-style=""
    dataSet={
      {
        "style": "",
      }
    }
    style={
      [
        undefined,
        {},
        {
          "alignItems": "center",
          "marginTop": 10,
        },
        undefined,
      ]
    }
  >
    <View
      data-style=""
      dataSet={
        {
          "style": "",
        }
      }
      style={
        [
          undefined,
          {},
          {
            "alignItems": "center",
          },
          undefined,
        ]
      }
    >
      <Text
        accessibilityRole="header"
        data-style=""
        dataSet={
          {
            "style": "",
          }
        }
        size="md"
        style={
          {
            "fontSize": 32,
            "fontWeight": "bold",
            "marginVertical": 42.56,
          }
        }
      >
        Author:
      </Text>
      <Text
        data-style=""
        dataSet={
          {
            "style": "",
          }
        }
        style={
          [
            undefined,
            {},
            undefined,
          ]
        }
      />
    </View>
    <View
      data-style=""
      dataSet={
        {
          "style": "",
        }
      }
      style={
        [
          undefined,
          {},
          {
            "alignItems": "center",
          },
          undefined,
        ]
      }
    >
      <Text
        accessibilityRole="header"
        data-style=""
        dataSet={
          {
            "style": "",
          }
        }
        size="md"
        style={
          {
            "fontSize": 32,
            "fontWeight": "bold",
            "marginVertical": 42.56,
          }
        }
      >
        Publisher:
      </Text>
      <Text
        data-style=""
        dataSet={
          {
            "style": "",
          }
        }
        style={
          [
            undefined,
            {},
            undefined,
          ]
        }
      />
    </View>
    <View
      data-style=""
      dataSet={
        {
          "style": "",
        }
      }
      style={
        [
          undefined,
          {},
          {
            "alignItems": "center",
          },
          undefined,
        ]
      }
    >
      <Text
        accessibilityRole="header"
        data-style=""
        dataSet={
          {
            "style": "",
          }
        }
        size="md"
        style={
          {
            "fontSize": 32,
            "fontWeight": "bold",
            "marginVertical": 42.56,
          }
        }
      >
        Published Date:
      </Text>
      <Text
        data-style=""
        dataSet={
          {
            "style": "",
          }
        }
        style={
          [
            undefined,
            {},
            undefined,
          ]
        }
      />
    </View>
    <View
      data-style=""
      dataSet={
        {
          "style": "",
        }
      }
      style={
        [
          undefined,
          {},
          {
            "alignItems": "center",
          },
          undefined,
        ]
      }
    >
      <Text
        accessibilityRole="header"
        data-style=""
        dataSet={
          {
            "style": "",
          }
        }
        size="md"
        style={
          {
            "fontSize": 32,
            "fontWeight": "bold",
            "marginVertical": 42.56,
          }
        }
      >
        Page Count:
      </Text>
      <Text
        data-style=""
        dataSet={
          {
            "style": "",
          }
        }
        style={
          [
            undefined,
            {},
            undefined,
          ]
        }
      >
        0
      </Text>
    </View>
    <View
      data-style=""
      dataSet={
        {
          "style": "",
        }
      }
      style={
        [
          undefined,
          {},
          {
            "alignItems": "center",
          },
          undefined,
        ]
      }
    >
      <Text
        accessibilityRole="header"
        data-style=""
        dataSet={
          {
            "style": "",
          }
        }
        size="md"
        style={
          {
            "fontSize": 32,
            "fontWeight": "bold",
            "marginVertical": 42.56,
          }
        }
      >
        Category:
      </Text>
      <Text
        data-style=""
        dataSet={
          {
            "style": "",
          }
        }
        style={
          [
            undefined,
            {},
            undefined,
          ]
        }
      />
    </View>
    <View
      data-style=""
      dataSet={
        {
          "style": "",
        }
      }
      style={
        [
          undefined,
          {},
          {
            "alignItems": "center",
          },
          undefined,
        ]
      }
    >
      <Text
        accessibilityRole="header"
        data-style=""
        dataSet={
          {
            "style": "",
          }
        }
        size="md"
        style={
          {
            "fontSize": 32,
            "fontWeight": "bold",
            "marginVertical": 42.56,
          }
        }
      >
        Description:
      </Text>
      <Text
        data-style=""
        dataSet={
          {
            "style": "",
          }
        }
        style={
          [
            undefined,
            {},
            undefined,
          ]
        }
      />
    </View>
  </View>
</View>
`;
