// Jest Snapshot v1, https://goo.gl/fbAQLP

exports[`Read Book match snapshot when given props 1`] = `
<RCTScrollView
  data-style=""
  dataSet={
    {
      "style": "",
    }
  }
  style={
    [
      undefined,
      {},
      undefined,
    ]
  }
>
  <View />
</RCTScrollView>
`;
